GDTEST_ANALYZER_ERROR
Unable to iterate "Array" as a key-value pair.
